01-25 19:58:34.762  2075  6801 D AS.BtHelper: isBluetoothScoOn() mBluetoothHeadset is null: truemBluetoothHeadsetDevice is null: true
01-25 19:58:34.762  2075  6801 V AS.AudioDeviceBroker: requestedCommunicationDevice: null mAudioModeOwner: AudioModeInfo: mMode=MODE_NORMAL, mPid=0, mUid=0
01-25 19:58:34.764  1704  1806 D AAL     : onBacklightChanged: 210/1023 -> 205/1023(phy:205/4095)
01-25 19:58:34.764  1704  1806 D AAL     : LABC: LABC after setTarget isSmoothBacklight=0 
01-25 19:58:34.770  1289  1289 D android.hardware.lights-service.mediatek: write 200 to /sys/class/leds/lcd-backlight/brightness, result: 0
01-25 19:58:34.770  1289  1289 D android.hardware.lights-service.mediatek: write 200 to /sys/class/mi_display/disp-DSI-0/brightness_clone, result: 0
01-25 19:58:34.772  1704  1806 D AAL     : onBacklightChanged: 205/1023 -> 200/1023(phy:200/4095)
01-25 19:58:34.773  1704  1806 D AAL     : LABC: LABC after setTarget isSmoothBacklight=0 
01-25 19:58:34.773  1704  1806 D AAL     : 01-25 07:58:34.739 BL= 221,ESS= 256, 01-25 07:58:34.748 BL= 216,ESS= 256, 01-25 07:58:34.757 BL= 210,ESS= 256, 01-25 07:58:34.765 BL= 205,ESS= 256, 01-25 07:58:34.773 BL= 200,ESS= 256, 
01-25 19:58:34.778  1289  1289 D android.hardware.lights-service.mediatek: write 195 to /sys/class/leds/lcd-backlight/brightness, result: 0
01-25 19:58:34.779  1289  1289 D android.hardware.lights-service.mediatek: write 195 to /sys/class/mi_display/disp-DSI-0/brightness_clone, result: 0
01-25 19:58:34.781  1704  1806 D AAL     : onBacklightChanged: 200/1023 -> 195/1023(phy:195/4095)
01-25 19:58:34.781  1704  1806 D AAL     : LABC: LABC after setTarget isSmoothBacklight=0 
01-25 19:58:34.787  1289  1289 D android.hardware.lights-service.mediatek: write 190 to /sys/class/leds/lcd-backlight/brightness, result: 0
01-25 19:58:34.787  1279  1327 I HfLooper: sensor 33171111 = 107.000000 4.000000 0.000000 0.000000 0.000000 0.000000
01-25 19:58:34.787  1289  1289 D android.hardware.lights-service.mediatek: write 190 to /sys/class/mi_display/disp-DSI-0/brightness_clone, result: 0
01-25 19:58:34.789  1704  1806 D AAL     : onBacklightChanged: 195/1023 -> 190/1023(phy:190/4095)
01-25 19:58:34.789  1704  1806 D AAL     : LABC: LABC after setTarget isSmoothBacklight=0 
01-25 19:58:34.795  1289  1289 D android.hardware.lights-service.mediatek: write 185 to /sys/class/leds/lcd-backlight/brightness, result: 0
01-25 19:58:34.795  1289  1289 D android.hardware.lights-service.mediatek: write 185 to /sys/class/mi_display/disp-DSI-0/brightness_clone, result: 0
01-25 19:58:34.798  1704  1806 D AAL     : onBacklightChanged: 190/1023 -> 185/1023(phy:185/4095)
01-25 19:58:34.798  1704  1806 D AAL     : LABC: LABC after setTarget isSmoothBacklight=0 
01-25 19:58:34.801  7223  4808 I CastSocketMultiplexer: Stopping multiplexer...
01-25 19:58:34.802  1289  1289 D android.hardware.lights-service.mediatek: write 180 to /sys/class/leds/lcd-backlight/brightness, result: 0
01-25 19:58:34.803  1289  1289 D android.hardware.lights-service.mediatek: write 180 to /sys/class/mi_display/disp-DSI-0/brightness_clone, result: 0
01-25 19:58:34.805  1785  2371 D libsensor-parseRGB: the value of RGB [23197.263866 19869.107742 19206.032888]
01-25 19:58:34.806  1704  1806 D AAL     : onBacklightChanged: 185/1023 -> 180/1023(phy:180/4095)
01-25 19:58:34.806  1704  1806 D AAL     : LABC: LABC after setTarget isSmoothBacklight=0 
01-25 19:58:34.808  1785  2371 I libsensor-displayalgo: the value of channelCali C:55.620318,R:4.120128,G:0.000000,B:0.000000,scales C:1.000000,R:1.000000,G:1.000000,B:1.000000
01-25 19:58:34.809  1785  2371 I libsensor-displayalgo: the value of  REAL LUX15.389739
01-25 19:58:34.809  1785  2371 D libsensor-displayalgo: brightness:227.000000,flat_mode:0.000000,R1:23197.263866,G1:19869.107742,B1:19206.032888,R2:0.000000,G2:0.000000,B2:0.000000,R3:0.000000,G3:0.000000,B3:0.000000,R4:0.000000,G4:0.000000,B4:0.000000,EVENT C:107.000000,R:4.000000,G:0.000000,B:0.000000, lux: 15.389739
01-25 19:58:34.811  1289  1289 D android.hardware.lights-service.mediatek: write 176 to /sys/class/leds/lcd-backlight/brightness, result: 0
01-25 19:58:34.811  1289  1289 D android.hardware.lights-service.mediatek: write 176 to /sys/class/mi_display/disp-DSI-0/brightness_clone, result: 0
01-25 19:58:34.814  1704  1806 D AAL     : onBacklightChanged: 180/1023 -> 176/1023(phy:176/4095)
01-25 19:58:34.815  1704  1806 D AAL     : LABC: LABC after setTarget isSmoothBacklight=0 
01-25 19:58:34.815  1704  1806 D AAL     : 01-25 07:58:34.782 BL= 195,ESS= 256, 01-25 07:58:34.790 BL= 190,ESS= 256, 01-25 07:58:34.799 BL= 185,ESS= 256, 01-25 07:58:34.806 BL= 180,ESS= 256, 01-25 07:58:34.815 BL= 176,ESS= 256, 
01-25 19:58:34.820  1289  1289 D android.hardware.lights-service.mediatek: write 171 to /sys/class/leds/lcd-backlight/brightness, result: 0
01-25 19:58:34.820  1289  1289 D android.hardware.lights-service.mediatek: write 171 to /sys/class/mi_display/disp-DSI-0/brightness_clone, result: 0
01-25 19:58:34.823  1704  1806 D AAL     : onBacklightChanged: 176/1023 -> 171/1023(phy:171/4095)
01-25 19:58:34.823  1704  1806 D AAL     : LABC: LABC after setTarget isSmoothBacklight=0 
01-25 19:58:34.828  1289  1289 D android.hardware.lights-service.mediatek: write 167 to /sys/class/leds/lcd-backlight/brightness, result: 0
01-25 19:58:34.829  1289  1289 D android.hardware.lights-service.mediatek: write 167 to /sys/class/mi_display/disp-DSI-0/brightness_clone, result: 0
01-25 19:58:34.831  1704  1806 D AAL     : onBacklightChanged: 171/1023 -> 167/1023(phy:167/4095)
01-25 19:58:34.831  1704  1806 D AAL     : LABC: LABC after setTarget isSmoothBacklight=0 
01-25 19:58:34.836  1289  1289 D android.hardware.lights-service.mediatek: write 163 to /sys/class/leds/lcd-backlight/brightness, result: 0
01-25 19:58:34.837  1289  1289 D android.hardware.lights-service.mediatek: write 163 to /sys/class/mi_display/disp-DSI-0/brightness_clone, result: 0
01-25 19:58:34.837  1279  1327 I HfLooper: sensor 33171111 = 99.000000 4.000000 0.000000 0.000000 0.000000 0.000000
01-25 19:58:34.840  1704  1806 D AAL     : onBacklightChanged: 167/1023 -> 163/1023(phy:163/4095)
01-25 19:58:34.840  1704  1806 D AAL     : LABC: LABC after setTarget isSmoothBacklight=0 
01-25 19:58:34.842  1785  2371 D libsensor-parseRGB: the value of RGB [22827.407202 19557.027413 18904.269521]
01-25 19:58:34.843  1785  2371 I libsensor-displayalgo: the value of channelCali C:51.652660,R:3.756851,G:0.000000,B:0.000000,scales C:1.000000,R:1.000000,G:1.000000,B:1.000000
01-25 19:58:34.843  1785  2371 I libsensor-displayalgo: the value of  REAL LUX14.144072
01-25 19:58:34.843  1785  2371 D libsensor-displayalgo: brightness:195.000000,flat_mode:0.000000,R1:22827.407202,G1:19557.027413,B1:18904.269521,R2:0.000000,G2:0.000000,B2:0.000000,R3:0.000000,G3:0.000000,B3:0.000000,R4:0.000000,G4:0.000000,B4:0.000000,EVENT C:99.000000,R:4.000000,G:0.000000,B:0.000000, lux: 14.144072
01-25 19:58:34.845  1289  1289 D android.hardware.lights-service.mediatek: write 159 to /sys/class/leds/lcd-backlight/brightness, result: 0
01-25 19:58:34.845  1289  1289 D android.hardware.lights-service.mediatek: write 159 to /sys/class/mi_display/disp-DSI-0/brightness_clone, result: 0
01-25 19:58:34.848  1704  1806 D AAL     : onBacklightChanged: 163/1023 -> 159/1023(phy:159/4095)
01-25 19:58:34.848  1704  1806 D AAL     : LABC: LABC after setTarget isSmoothBacklight=0 
01-25 19:58:34.853  1289  1289 D android.hardware.lights-service.mediatek: write 155 to /sys/class/leds/lcd-backlight/brightness, result: 0
01-25 19:58:34.853  1289  1289 D android.hardware.lights-service.mediatek: write 155 to /sys/class/mi_display/disp-DSI-0/brightness_clone, result: 0
01-25 19:58:34.857  1704  1806 D AAL     : onBacklightChanged: 159/1023 -> 155/1023(phy:155/4095)
01-25 19:58:34.857  1704  1806 D AAL     : LABC: LABC after setTarget isSmoothBacklight=0 
01-25 19:58:34.857  1704  1806 D AAL     : 01-25 07:58:34.824 BL= 171,ESS= 256, 01-25 07:58:34.832 BL= 167,ESS= 256, 01-25 07:58:34.840 BL= 163,ESS= 256, 01-25 07:58:34.849 BL= 159,ESS= 256, 01-25 07:58:34.857 BL= 155,ESS= 256, 
01-25 19:58:34.861  1289  1289 D android.hardware.lights-service.mediatek: write 151 to /sys/class/leds/lcd-backlight/brightness, result: 0
01-25 19:58:34.861  1289  1289 D android.hardware.lights-service.mediatek: write 151 to /sys/class/mi_display/disp-DSI-0/brightness_clone, result: 0
01-25 19:58:34.865  1704  1806 D AAL     : onBacklightChanged: 155/1023 -> 151/1023(phy:151/4095)
01-25 19:58:34.865  1704  1806 D AAL     : LABC: LABC after setTarget isSmoothBacklight=0 
01-25 19:58:34.870  1289  1289 D android.hardware.lights-service.mediatek: write 147 to /sys/class/leds/lcd-backlight/brightness, result: 0
01-25 19:58:34.871  1289  1289 D android.hardware.lights-service.mediatek: write 147 to /sys/class/mi_display/disp-DSI-0/brightness_clone, result: 0
01-25 19:58:34.873  1704  1806 D AAL     : onBacklightChanged: 151/1023 -> 147/1023(phy:147/4095)
01-25 19:58:34.874  1704  1806 D AAL     : LABC: LABC after setTarget isSmoothBacklight=0 
01-25 19:58:34.878  1289  1289 D android.hardware.lights-service.mediatek: write 143 to /sys/class/leds/lcd-backlight/brightness, result: 0
01-25 19:58:34.879  1289  1289 D android.hardware.lights-service.mediatek: write 143 to /sys/class/mi_display/disp-DSI-0/brightness_clone, result: 0
01-25 19:58:34.882  1704  1806 D AAL     : onBacklightChanged: 147/1023 -> 143/1023(phy:143/4095)
01-25 19:58:34.882  1704  1806 D AAL     : LABC: LABC after setTarget isSmoothBacklight=0 
01-25 19:58:34.886  1289  1289 D android.hardware.lights-service.mediatek: write 140 to /sys/class/leds/lcd-backlight/brightness, result: 0
01-25 19:58:34.886  1289  1289 D android.hardware.lights-service.mediatek: write 140 to /sys/class/mi_display/disp-DSI-0/brightness_clone, result: 0
01-25 19:58:34.887  1279  1327 I HfLooper: sensor 33171111 = 92.000000 4.000000 0.000000 0.000000 0.000000 0.000000
01-25 19:58:34.890  1704  1806 D AAL     : onBacklightChanged: 143/1023 -> 140/1023(phy:140/4095)
01-25 19:58:34.890  1704  1806 D AAL     : LABC: LABC after setTarget isSmoothBacklight=0 
01-25 19:58:34.891  1785  2371 D libsensor-parseRGB: the value of RGB [22531.257700 19307.085364 18662.594270]
01-25 19:58:34.892  1785  2371 I libsensor-displayalgo: the value of channelCali C:43.525150,R:2.862284,G:0.000000,B:0.000000,scales C:1.000000,R:1.000000,G:1.000000,B:1.000000
01-25 19:58:34.892  1785  2371 I libsensor-displayalgo: the value of  REAL LUX14.342500
01-25 19:58:34.892  1785  2371 D libsensor-displayalgo: brightness:169.000000,flat_mode:0.000000,R1:22531.257700,G1:19307.085364,B1:18662.594270,R2:0.000000,G2:0.000000,B2:0.000000,R3:0.000000,G3:0.000000,B3:0.000000,R4:0.000000,G4:0.000000,B4:0.000000,EVENT C:92.000000,R:4.000000,G:0.000000,B:0.000000, lux: 14.342500
01-25 19:58:34.894  1289  1289 D android.hardware.lights-service.mediatek: write 136 to /sys/class/leds/lcd-backlight/brightness, result: 0
01-25 19:58:34.895  1289  1289 D android.hardware.lights-service.mediatek: write 136 to /sys/class/mi_display/disp-DSI-0/brightness_clone, result: 0
01-25 19:58:34.899  1704  1806 D AAL     : onBacklightChanged: 140/1023 -> 136/1023(phy:136/4095)
01-25 19:58:34.899  1704  1806 D AAL     : LABC: LABC after setTarget isSmoothBacklight=0 
01-25 19:58:34.899  1704  1806 D AAL     : 01-25 07:58:34.866 BL= 151,ESS= 256, 01-25 07:58:34.874 BL= 147,ESS= 256, 01-25 07:58:34.882 BL= 143,ESS= 256, 01-25 07:58:34.891 BL= 140,ESS= 256, 01-25 07:58:34.899 BL= 136,ESS= 256, 
01-25 19:58:34.902  1289  1289 D android.hardware.lights-service.mediatek: write 133 to /sys/class/leds/lcd-backlight/brightness, result: 0
01-25 19:58:34.903  1289  1289 D android.hardware.lights-service.mediatek: write 133 to /sys/class/mi_display/disp-DSI-0/brightness_clone, result: 0
01-25 19:58:34.907  1704  1806 D AAL     : onBacklightChanged: 136/1023 -> 133/1023(phy:133/4095)
01-25 19:58:34.907  1704  1806 D AAL     : LABC: LABC after setTarget isSmoothBacklight=0 
01-25 19:58:34.910  1289  1289 D android.hardware.lights-service.mediatek: write 130 to /sys/class/leds/lcd-backlight/brightness, result: 0
01-25 19:58:34.911  1289  1289 D android.hardware.lights-service.mediatek: write 130 to /sys/class/mi_display/disp-DSI-0/brightness_clone, result: 0
01-25 19:58:34.915  1704  1806 D AAL     : onBacklightChanged: 133/1023 -> 130/1023(phy:130/4095)
01-25 19:58:34.915  1704  1806 D AAL     : LABC: LABC after setTarget isSmoothBacklight=0 
01-25 19:58:34.919  1289  1289 D android.hardware.lights-service.mediatek: write 126 to /sys/class/leds/lcd-backlight/brightness, result: 0
01-25 19:58:34.919  1289  1289 D android.hardware.lights-service.mediatek: write 126 to /sys/class/mi_display/disp-DSI-0/brightness_clone, result: 0
01-25 19:58:34.924  1704  1806 D AAL     : onBacklightChanged: 130/1023 -> 126/1023(phy:126/4095)
01-25 19:58:34.924  1704  1806 D AAL     : LABC: LABC after setTarget isSmoothBacklight=0 
01-25 19:58:34.928  1289  1289 D android.hardware.lights-service.mediatek: write 123 to /sys/class/leds/lcd-backlight/brightness, result: 0
01-25 19:58:34.929  1289  1289 D android.hardware.lights-service.mediatek: write 123 to /sys/class/mi_display/disp-DSI-0/brightness_clone, result: 0
01-25 19:58:34.932  1704  1806 D AAL     : onBacklightChanged: 126/1023 -> 123/1023(phy:123/4095)
01-25 19:58:34.932  1704  1806 D AAL     : LABC: LABC after setTarget isSmoothBacklight=0 
01-25 19:58:34.936  1289  1289 D android.hardware.lights-service.mediatek: write 120 to /sys/class/leds/lcd-backlight/brightness, result: 0
01-25 19:58:34.937  1279  1327 I HfLooper: sensor 33171111 = 84.000000 4.000000 0.000000 0.000000 0.000000 0.000000
01-25 19:58:34.937  1289  1289 D android.hardware.lights-service.mediatek: write 120 to /sys/class/mi_display/disp-DSI-0/brightness_clone, result: 0
01-25 19:58:34.940  1704  1806 D AAL     : onBacklightChanged: 123/1023 -> 120/1023(phy:120/4095)
01-25 19:58:34.941  1704  1806 D AAL     : LABC: LABC after setTarget isSmoothBacklight=0 
01-25 19:58:34.941  1704  1806 D AAL     : 01-25 07:58:34.907 BL= 133,ESS= 256, 01-25 07:58:34.916 BL= 130,ESS= 256, 01-25 07:58:34.924 BL= 126,ESS= 256, 01-25 07:58:34.933 BL= 123,ESS= 256, 01-25 07:58:34.941 BL= 120,ESS= 256, 
01-25 19:58:34.942  1785  2371 D libsensor-parseRGB: the value of RGB [22238.961404 19060.346771 18424.020061]
01-25 19:58:34.942  1785  2371 I libsensor-displayalgo: the value of channelCali C:30.894297,R:1.814303,G:0.000000,B:0.000000,scales C:1.000000,R:1.000000,G:1.000000,B:1.000000
01-25 19:58:34.943  1785  2371 I libsensor-displayalgo: the value of  REAL LUX15.566394
01-25 19:58:34.943  1785  2371 D libsensor-displayalgo: brightness:143.000000,flat_mode:0.000000,R1:22238.961404,G1:19060.346771,B1:18424.020061,R2:0.000000,G2:0.000000,B2:0.000000,R3:0.000000,G3:0.000000,B3:0.000000,R4:0.000000,G4:0.000000,B4:0.000000,EVENT C:84.000000,R:4.000000,G:0.000000,B:0.000000, lux: 15.566394
01-25 19:58:34.945  1289  1289 D android.hardware.lights-service.mediatek: write 117 to /sys/class/leds/lcd-backlight/brightness, result: 0
01-25 19:58:34.945  1289  1289 D android.hardware.lights-service.mediatek: write 117 to /sys/class/mi_display/disp-DSI-0/brightness_clone, result: 0
01-25 19:58:34.949  1704  1806 D AAL     : onBacklightChanged: 120/1023 -> 117/1023(phy:117/4095)
01-25 19:58:34.949  1704  1806 D AAL     : LABC: LABC after setTarget isSmoothBacklight=0 
01-25 19:58:34.953  1289  1289 D android.hardware.lights-service.mediatek: write 114 to /sys/class/leds/lcd-backlight/brightness, result: 0
01-25 19:58:34.954  1289  1289 D android.hardware.lights-service.mediatek: write 114 to /sys/class/mi_display/disp-DSI-0/brightness_clone, result: 0
01-25 19:58:34.957  1704  1806 D AAL     : onBacklightChanged: 117/1023 -> 114/1023(phy:114/4095)
01-25 19:58:34.958  1704  1806 D AAL     : LABC: LABC after setTarget isSmoothBacklight=0 
01-25 19:58:34.962  1289  1289 D android.hardware.lights-service.mediatek: write 111 to /sys/class/leds/lcd-backlight/brightness, result: 0
01-25 19:58:34.962  1289  1289 D android.hardware.lights-service.mediatek: write 111 to /sys/class/mi_display/disp-DSI-0/brightness_clone, result: 0
01-25 19:58:34.966  1704  1806 D AAL     : onBacklightChanged: 114/1023 -> 111/1023(phy:111/4095)
01-25 19:58:34.966  1704  1806 D AAL     : LABC: LABC after setTarget isSmoothBacklight=0 
01-25 19:58:34.970  1289  1289 D android.hardware.lights-service.mediatek: write 108 to /sys/class/leds/lcd-backlight/brightness, result: 0
01-25 19:58:34.971  1289  1289 D android.hardware.lights-service.mediatek: write 108 to /sys/class/mi_display/disp-DSI-0/brightness_clone, result: 0
01-25 19:58:34.974  1704  1806 D AAL     : onBacklightChanged: 111/1023 -> 108/1023(phy:108/4095)
01-25 19:58:34.974  1704  1806 D AAL     : LABC: LABC after setTarget isSmoothBacklight=0 
01-25 19:58:34.978  1289  1289 D android.hardware.lights-service.mediatek: write 106 to /sys/class/leds/lcd-backlight/brightness, result: 0
01-25 19:58:34.979  1289  1289 D android.hardware.lights-service.mediatek: write 106 to /sys/class/mi_display/disp-DSI-0/brightness_clone, result: 0
01-25 19:58:34.982  1704  1806 D AAL     : onBacklightChanged: 108/1023 -> 106/1023(phy:106/4095)
01-25 19:58:34.983  1704  1806 D AAL     : LABC: LABC after setTarget isSmoothBacklight=0 
01-25 19:58:34.983  1704  1806 D AAL     : 01-25 07:58:34.950 BL= 117,ESS= 256, 01-25 07:58:34.958 BL= 114,ESS= 256, 01-25 07:58:34.966 BL= 111,ESS= 256, 01-25 07:58:34.975 BL= 108,ESS= 256, 01-25 07:58:34.983 BL= 106,ESS= 256, 
01-25 19:58:34.987  1289  1289 D android.hardware.lights-service.mediatek: write 103 to /sys/class/leds/lcd-backlight/brightness, result: 0
01-25 19:58:34.987  1279  1327 I HfLooper: sensor 33171111 = 79.000000 4.000000 0.000000 0.000000 0.000000 0.000000
01-25 19:58:34.987  1289  1289 D android.hardware.lights-service.mediatek: write 103 to /sys/class/mi_display/disp-DSI-0/brightness_clone, result: 0
01-25 19:58:34.991  1704  1806 D AAL     : onBacklightChanged: 106/1023 -> 103/1023(phy:103/4095)
01-25 19:58:34.991  1704  1806 D AAL     : LABC: LABC after setTarget isSmoothBacklight=0 
01-25 19:58:34.992  1785  2371 D libsensor-parseRGB: the value of RGB [22016.708505 18872.701843 18242.586517]
01-25 19:58:34.992  1785  2371 I libsensor-displayalgo: the value of channelCali C:22.419508,R:1.209550,G:0.000000,B:0.000000,scales C:1.000000,R:1.000000,G:1.000000,B:1.000000
01-25 19:58:34.992  1785  2371 I libsensor-displayalgo: the value of  REAL LUX16.513029
01-25 19:58:34.992  1785  2371 D libsensor-displayalgo: brightness:123.000000,flat_mode:0.000000,R1:22016.708505,G1:18872.701843,B1:18242.586517,R2:0.000000,G2:0.000000,B2:0.000000,R3:0.000000,G3:0.000000,B3:0.000000,R4:0.000000,G4:0.000000,B4:0.000000,EVENT C:79.000000,R:4.000000,G:0.000000,B:0.000000, lux: 16.513029
01-25 19:58:34.995  1289  1289 D android.hardware.lights-service.mediatek: write 100 to /sys/class/leds/lcd-backlight/brightness, result: 0
01-25 19:58:34.996  1289  1289 D android.hardware.lights-service.mediatek: write 100 to /sys/class/mi_display/disp-DSI-0/brightness_clone, result: 0
01-25 19:58:34.999  1704  1806 D AAL     : onBacklightChanged: 103/1023 -> 100/1023(phy:100/4095)
01-25 19:58:34.999  1704  1806 D AAL     : LABC: LABC after setTarget isSmoothBacklight=0 
01-25 19:58:35.003  1289  1289 D android.hardware.lights-service.mediatek: write 98 to /sys/class/leds/lcd-backlight/brightness, result: 0
01-25 19:58:35.004  1289  1289 D android.hardware.lights-service.mediatek: write 98 to /sys/class/mi_display/disp-DSI-0/brightness_clone, result: 0
01-25 19:58:35.008  1704  1806 D AAL     : onBacklightChanged: 100/1023 -> 98/1023(phy:98/4095)
01-25 19:58:35.008  1704  1806 D AAL     : LABC: LABC after setTarget isSmoothBacklight=0 
01-25 19:58:35.012  1289  1289 D android.hardware.lights-service.mediatek: write 96 to /sys/class/leds/lcd-backlight/brightness, result: 0
01-25 19:58:35.013  1289  1289 D android.hardware.lights-service.mediatek: write 96 to /sys/class/mi_display/disp-DSI-0/brightness_clone, result: 0
01-25 19:58:35.016  1704  1806 D AAL     : onBacklightChanged: 98/1023 -> 96/1023(phy:96/4095)
01-25 19:58:35.016  1704  1806 D AAL     : LABC: LABC after setTarget isSmoothBacklight=0 
01-25 19:58:35.020  1289  1289 D android.hardware.lights-service.mediatek: write 93 to /sys/class/leds/lcd-backlight/brightness, result: 0
01-25 19:58:35.020  1289  1289 D android.hardware.lights-service.mediatek: write 93 to /sys/class/mi_display/disp-DSI-0/brightness_clone, result: 0
01-25 19:58:35.025  1704  1806 D AAL     : onBacklightChanged: 96/1023 -> 93/1023(phy:93/4095)
01-25 19:58:35.025  1704  1806 D AAL     : LABC: LABC after setTarget isSmoothBacklight=0 
01-25 19:58:35.025  1704  1806 D AAL     : 01-25 07:58:34.992 BL= 103,ESS= 256, 01-25 07:58:35.000 BL= 100,ESS= 256, 01-25 07:58:35.009 BL=  98,ESS= 256, 01-25 07:58:35.017 BL=  96,ESS= 256, 01-25 07:58:35.025 BL=  93,ESS= 256, 
01-25 19:58:35.029  1289  1289 D android.hardware.lights-service.mediatek: write 91 to /sys/class/leds/lcd-backlight/brightness, result: 0
01-25 19:58:35.029  1289  1289 D android.hardware.lights-service.mediatek: write 91 to /sys/class/mi_display/disp-DSI-0/brightness_clone, result: 0
01-25 19:58:35.033  1704  1806 D AAL     : onBacklightChanged: 93/1023 -> 91/1023(phy:91/4095)
01-25 19:58:35.033  1704  1806 D AAL     : LABC: LABC after setTarget isSmoothBacklight=0 
01-25 19:58:35.036  1289  1289 D android.hardware.lights-service.mediatek: write 89 to /sys/class/leds/lcd-backlight/brightness, result: 0
01-25 19:58:35.036  1289  1289 D android.hardware.lights-service.mediatek: write 89 to /sys/class/mi_display/disp-DSI-0/brightness_clone, result: 0
01-25 19:58:35.037  1279  1327 I HfLooper: sensor 33171111 = 73.000000 4.000000 0.000000 0.000000 0.000000 0.000000
01-25 19:58:35.041  1704  1806 D AAL     : onBacklightChanged: 91/1023 -> 89/1023(phy:89/4095)
01-25 19:58:35.042  1704  1806 D AAL     : LABC: LABC after setTarget isSmoothBacklight=0 
01-25 19:58:35.045  1289  1289 D android.hardware.lights-service.mediatek: write 86 to /sys/class/leds/lcd-backlight/brightness, result: 0
01-25 19:58:35.045  1289  1289 D android.hardware.lights-service.mediatek: write 86 to /sys/class/mi_display/disp-DSI-0/brightness_clone, result: 0
01-25 19:58:35.047  1785  2371 D libsensor-parseRGB: the value of RGB [21829.545897 18714.661016 18089.778713]
01-25 19:58:35.050  1704  1806 D AAL     : onBacklightChanged: 89/1023 -> 86/1023(phy:86/4095)
01-25 19:58:35.050  1704  1806 D AAL     : LABC: LABC after setTarget isSmoothBacklight=0 
01-25 19:58:35.050  1785  2371 I libsensor-displayalgo: the value of channelCali C:14.803931,R:0.630288,G:0.000000,B:0.000000,scales C:1.000000,R:1.000000,G:1.000000,B:1.000000
01-25 19:58:35.051  1785  2371 I libsensor-displayalgo: the value of  REAL LUX16.906744
01-25 19:58:35.051  1785  2371 D libsensor-displayalgo: brightness:106.000000,flat_mode:0.000000,R1:21829.545897,G1:18714.661016,B1:18089.778713,R2:0.000000,G2:0.000000,B2:0.000000,R3:0.000000,G3:0.000000,B3:0.000000,R4:0.000000,G4:0.000000,B4:0.000000,EVENT C:73.000000,R:4.000000,G:0.000000,B:0.000000, lux: 16.906744
01-25 19:58:35.053  1289  1289 D android.hardware.lights-service.mediatek: write 84 to /sys/class/leds/lcd-backlight/brightness, result: 0
01-25 19:58:35.054  1289  1289 D android.hardware.lights-service.mediatek: write 84 to /sys/class/mi_display/disp-DSI-0/brightness_clone, result: 0
01-25 19:58:35.058  1704  1806 D AAL     : onBacklightChanged: 86/1023 -> 84/1023(phy:84/4095)
01-25 19:58:35.058  1704  1806 D AAL     : LABC: LABC after setTarget isSmoothBacklight=0 
01-25 19:58:35.062  1289  1289 D android.hardware.lights-service.mediatek: write 82 to /sys/class/leds/lcd-backlight/brightness, result: 0
01-25 19:58:35.062  1289  1289 D android.hardware.lights-service.mediatek: write 82 to /sys/class/mi_display/disp-DSI-0/brightness_clone, result: 0
