--------- beginning of system
01-25 19:58:32.021  1579  1579 I wificond: Received external scan result notification from kernel.
--------- beginning of main
01-25 19:58:32.021  1868  1887 D VoLTE IMSM: send CTRL_CMD_GET_SCAN (module/mdagent/volte_imsm_93/src/wireless.c:584)
01-25 19:58:32.021  1285  2446 I android.hardware.usb@1.2-service-mediatekv2: uevent_event change@/devices/virtual/misc/wlan
01-25 19:58:32.021  1866  1885 I [BIP]   :  [BIP NL] the link status of interface(index:0) changes to 1
01-25 19:58:32.021  1285  2446 I android.hardware.usb@1.2-service-mediatekv2: uevent_event change@/devices/virtual/misc/wlan
01-25 19:58:32.022  1285  2446 I android.hardware.usb@1.2-service-mediatekv2: uevent_event change@/devices/virtual/misc/wlan
01-25 19:58:32.022  2789 26447 D IpClient/wlan0: interfaceLinkStateChanged: ifindex 37 up
01-25 19:58:32.022  1285  2446 I android.hardware.usb@1.2-service-mediatekv2: uevent_event change@/devices/virtual/misc/wlan
01-25 19:58:32.023  2075  6801 D WifiNl80211Manager: Scan result ready event
01-25 19:58:32.023  2075  6801 D WifiNative: Scan result ready event
01-25 19:58:32.027 21395 21440 D WifiHAL : event received NL80211_CMD_FRAME_TX_STATUS
01-25 19:58:32.035  1579  1579 W wificond: Failed to get NL80211_ATTR_MAX_NUM_AKM_SUITES
01-25 19:58:32.038  1279  1327 I HfLooper: sensor 33171111 = 107.000000 6.000000 0.000000 0.000000 0.000000 0.000000
01-25 19:58:32.039  1579  1579 W wificond: Failed to get NL80211_ATTR_MAX_NUM_AKM_SUITES
01-25 19:58:32.042  1785  2371 I libsensor-displayalgo: the value of channelCali C:55.577660,R:3.939274,G:0.000000,B:0.000000,scales C:1.000000,R:1.000000,G:1.000000,B:1.000000
01-25 19:58:32.043  1785  2371 I libsensor-displayalgo: the value of  REAL LUX15.081636
01-25 19:58:32.043  1785  2371 D libsensor-displayalgo: brightness:264.000000,flat_mode:0.000000,R1:23632.409401,G1:20236.182071,B1:19560.979375,R2:0.000000,G2:0.000000,B2:0.000000,R3:0.000000,G3:0.000000,B3:0.000000,R4:0.000000,G4:0.000000,B4:0.000000,EVENT C:107.000000,R:6.000000,G:0.000000,B:0.000000, lux: 15.081636
01-25 19:58:32.043  1579  1579 W wificond: Failed to get NL80211_ATTR_MAX_NUM_AKM_SUITES
01-25 19:58:32.048 21395 21440 D WifiHAL : event received NL80211_CMD_TRIGGER_SCAN
01-25 19:58:32.138  1279  1327 I HfLooper: sensor 33171111 = 109.000000 4.000000 0.000000 0.000000 0.000000 0.000000
01-25 19:58:32.140  1704  2337 D AALLightSensor: oldLux=13 [SA:18 LA:15] newLux=13 (oriLux: 18)
01-25 19:58:32.144  1785  2371 I libsensor-displayalgo: the value of channelCali C:55.577660,R:3.939274,G:0.000000,B:0.000000,scales C:1.000000,R:1.000000,G:1.000000,B:1.000000
01-25 19:58:32.145  1785  2371 I libsensor-displayalgo: the value of  REAL LUX15.992120
01-25 19:58:32.145  1785  2371 D libsensor-displayalgo: brightness:264.000000,flat_mode:0.000000,R1:23632.409401,G1:20236.182071,B1:19560.979375,R2:0.000000,G2:0.000000,B2:0.000000,R3:0.000000,G3:0.000000,B3:0.000000,R4:0.000000,G4:0.000000,B4:0.000000,EVENT C:109.000000,R:4.000000,G:0.000000,B:0.000000, lux: 15.992120
01-25 19:58:32.188  1279  1327 I HfLooper: sensor 33171111 = 107.000000 4.000000 0.000000 0.000000 0.000000 0.000000
01-25 19:58:32.193  1785  2371 I libsensor-displayalgo: the value of channelCali C:55.577660,R:3.939274,G:0.000000,B:0.000000,scales C:1.000000,R:1.000000,G:1.000000,B:1.000000
01-25 19:58:32.194  1785  2371 I libsensor-displayalgo: the value of  REAL LUX15.393061
01-25 19:58:32.194  1785  2371 D libsensor-displayalgo: brightness:264.000000,flat_mode:0.000000,R1:23632.409401,G1:20236.182071,B1:19560.979375,R2:0.000000,G2:0.000000,B2:0.000000,R3:0.000000,G3:0.000000,B3:0.000000,R4:0.000000,G4:0.000000,B4:0.000000,EVENT C:107.000000,R:4.000000,G:0.000000,B:0.000000, lux: 15.393061
01-25 19:58:32.237  1279  1327 I HfLooper: sensor 33171111 = 105.000000 4.000000 0.000000 0.000000 0.000000 0.000000
01-25 19:58:32.243  1785  2371 I libsensor-displayalgo: the value of channelCali C:55.577660,R:3.939274,G:0.000000,B:0.000000,scales C:1.000000,R:1.000000,G:1.000000,B:1.000000
01-25 19:58:32.243  1785  2371 I libsensor-displayalgo: the value of  REAL LUX14.794001
01-25 19:58:32.243  1785  2371 D libsensor-displayalgo: brightness:264.000000,flat_mode:0.000000,R1:23632.409401,G1:20236.182071,B1:19560.979375,R2:0.000000,G2:0.000000,B2:0.000000,R3:0.000000,G3:0.000000,B3:0.000000,R4:0.000000,G4:0.000000,B4:0.000000,EVENT C:105.000000,R:4.000000,G:0.000000,B:0.000000, lux: 14.794001
01-25 19:58:32.289  1279  1327 I HfLooper: sensor 33171111 = 109.000000 4.000000 0.000000 0.000000 0.000000 0.000000
01-25 19:58:32.294  1785  2371 I libsensor-displayalgo: the value of channelCali C:55.577660,R:3.939274,G:0.000000,B:0.000000,scales C:1.000000,R:1.000000,G:1.000000,B:1.000000
01-25 19:58:32.294  1785  2371 I libsensor-displayalgo: the value of  REAL LUX15.992120
01-25 19:58:32.295  1785  2371 D libsensor-displayalgo: brightness:264.000000,flat_mode:0.000000,R1:23632.409401,G1:20236.182071,B1:19560.979375,R2:0.000000,G2:0.000000,B2:0.000000,R3:0.000000,G3:0.000000,B3:0.000000,R4:0.000000,G4:0.000000,B4:0.000000,EVENT C:109.000000,R:4.000000,G:0.000000,B:0.000000, lux: 15.992120
01-25 19:58:32.337  1279  1327 I HfLooper: sensor 33171111 = 109.000000 4.000000 0.000000 0.000000 0.000000 0.000000
01-25 19:58:32.343  1785  2371 I libsensor-displayalgo: the value of channelCali C:55.577660,R:3.939274,G:0.000000,B:0.000000,scales C:1.000000,R:1.000000,G:1.000000,B:1.000000
01-25 19:58:32.343  1785  2371 I libsensor-displayalgo: the value of  REAL LUX15.992120
01-25 19:58:32.343  1785  2371 D libsensor-displayalgo: brightness:264.000000,flat_mode:0.000000,R1:23632.409401,G1:20236.182071,B1:19560.979375,R2:0.000000,G2:0.000000,B2:0.000000,R3:0.000000,G3:0.000000,B3:0.000000,R4:0.000000,G4:0.000000,B4:0.000000,EVENT C:109.000000,R:4.000000,G:0.000000,B:0.000000, lux: 15.992120
01-25 19:58:32.387  1279  1327 I HfLooper: sensor 33171111 = 109.000000 4.000000 0.000000 0.000000 0.000000 0.000000
01-25 19:58:32.393  1785  2371 I libsensor-displayalgo: the value of channelCali C:55.577660,R:3.939274,G:0.000000,B:0.000000,scales C:1.000000,R:1.000000,G:1.000000,B:1.000000
01-25 19:58:32.393  1785  2371 I libsensor-displayalgo: the value of  REAL LUX15.992120
01-25 19:58:32.393  1785  2371 D libsensor-displayalgo: brightness:264.000000,flat_mode:0.000000,R1:23632.409401,G1:20236.182071,B1:19560.979375,R2:0.000000,G2:0.000000,B2:0.000000,R3:0.000000,G3:0.000000,B3:0.000000,R4:0.000000,G4:0.000000,B4:0.000000,EVENT C:109.000000,R:4.000000,G:0.000000,B:0.000000, lux: 15.992120
01-25 19:58:32.405  1309  1373 I libPerfCtl: xgfGetFPS pid:2865 fps:-1
01-25 19:58:32.439  1279  1327 I HfLooper: sensor 33171111 = 107.000000 4.000000 0.000000 0.000000 0.000000 0.000000
01-25 19:58:32.444  1785  2371 I libsensor-displayalgo: the value of channelCali C:55.577660,R:3.939274,G:0.000000,B:0.000000,scales C:1.000000,R:1.000000,G:1.000000,B:1.000000
01-25 19:58:32.444  1785  2371 I libsensor-displayalgo: the value of  REAL LUX15.393061
01-25 19:58:32.444  1785  2371 D libsensor-displayalgo: brightness:264.000000,flat_mode:0.000000,R1:23632.409401,G1:20236.182071,B1:19560.979375,R2:0.000000,G2:0.000000,B2:0.000000,R3:0.000000,G3:0.000000,B3:0.000000,R4:0.000000,G4:0.000000,B4:0.000000,EVENT C:107.000000,R:4.000000,G:0.000000,B:0.000000, lux: 15.393061
01-25 19:58:32.473  1285  2446 I android.hardware.usb@1.2-service-mediatekv2: uevent_event change@/devices/virtual/misc/wlan
01-25 19:58:32.474  1285  2446 I android.hardware.usb@1.2-service-mediatekv2: uevent_event change@/devices/virtual/misc/wlan
01-25 19:58:32.474  1285  2446 I android.hardware.usb@1.2-service-mediatekv2: uevent_event change@/devices/virtual/misc/wlan
01-25 19:58:32.474  1285  2446 I android.hardware.usb@1.2-service-mediatekv2: uevent_event change@/devices/virtual/misc/wlan
01-25 19:58:32.474  1285  2446 I android.hardware.usb@1.2-service-mediatekv2: uevent_event change@/devices/virtual/misc/wlan
01-25 19:58:32.474 21395 21440 D WifiHAL : event received NL80211_CMD_NEW_SCAN_RESULTS
01-25 19:58:32.474  1868  1887 D VoLTE IMSM: send CTRL_CMD_GET_SCAN (module/mdagent/volte_imsm_93/src/wireless.c:584)
01-25 19:58:32.474  1866  1885 I [BIP]   :  [BIP NL] event newlink match dev 0, interface index 37
01-25 19:58:32.475  1866  1885 I [BIP]   :  [BIP NL] the link status of interface(index:0) changes to 1
01-25 19:58:32.475  1285  2446 I android.hardware.usb@1.2-service-mediatekv2: uevent_event change@/devices/virtual/misc/wlan
01-25 19:58:32.475  1285  2446 I android.hardware.usb@1.2-service-mediatekv2: uevent_event change@/devices/virtual/misc/wlan
01-25 19:58:32.475  1285  2446 I android.hardware.usb@1.2-service-mediatekv2: uevent_event change@/devices/virtual/misc/wlan
01-25 19:58:32.475  1285  2446 I android.hardware.usb@1.2-service-mediatekv2: uevent_event change@/devices/virtual/misc/wlan
01-25 19:58:32.475  2789 26447 D IpClient/wlan0: interfaceLinkStateChanged: ifindex 37 up
01-25 19:58:32.476  2075  6801 D WifiNl80211Manager: Scan result ready event
01-25 19:58:32.476  2075  6801 D WifiNative: Scan result ready event
01-25 19:58:32.485  2075  2411 D WificondScannerImpl: Filtering out 2 scan results.
01-25 19:58:32.485  2075  2411 D WificondScannerImpl: Filtering out 44*30, bc*4c, 
01-25 19:58:32.487  1279  1327 I HfLooper: sensor 33171111 = 109.000000 4.000000 0.000000 0.000000 0.000000 0.000000
01-25 19:58:32.492  1785  2371 I libsensor-displayalgo: the value of channelCali C:55.577660,R:3.939274,G:0.000000,B:0.000000,scales C:1.000000,R:1.000000,G:1.000000,B:1.000000
01-25 19:58:32.492  1785  2371 I libsensor-displayalgo: the value of  REAL LUX15.992120
01-25 19:58:32.492  1785  2371 D libsensor-displayalgo: brightness:264.000000,flat_mode:0.000000,R1:23632.409401,G1:20236.182071,B1:19560.979375,R2:0.000000,G2:0.000000,B2:0.000000,R3:0.000000,G3:0.000000,B3:0.000000,R4:0.000000,G4:0.000000,B4:0.000000,EVENT C:109.000000,R:4.000000,G:0.000000,B:0.000000, lux: 15.992120
01-25 19:58:32.493  2075  2402 D PasspointManager: ANQP entry not found for: a0:8a:06:68:b7:3f:<MOVISTAR-WIFI6-B730>
01-25 19:58:32.497 21395 21395 D android.hardware.wifi@1.0-service-lazy: WifiRequest::create vendor command to iface 37, vendor_id=0x1a11, subcmd=0x0002, res=0
01-25 19:58:32.497 21395 21395 D WifiHAL : In GetFeatureSetCommand::handleResponse for 5
01-25 19:58:32.497 21395 21395 D WifiHAL : vendor_id = 0x0, subcmd = 0x0
01-25 19:58:32.497 21395 21395 I WifiHAL : feature_set=0x8488141a
01-25 19:58:32.502  2075  2535 E AppScanObserverService: Result available, null observers for user: 0
01-25 19:58:32.537  1279  1327 I HfLooper: sensor 33171111 = 107.000000 4.000000 0.000000 0.000000 0.000000 0.000000
01-25 19:58:32.542  1785  2371 I libsensor-displayalgo: the value of channelCali C:55.577660,R:3.939274,G:0.000000,B:0.000000,scales C:1.000000,R:1.000000,G:1.000000,B:1.000000
01-25 19:58:32.542  1785  2371 I libsensor-displayalgo: the value of  REAL LUX15.393061
01-25 19:58:32.542  1785  2371 D libsensor-displayalgo: brightness:264.000000,flat_mode:0.000000,R1:23632.409401,G1:20236.182071,B1:19560.979375,R2:0.000000,G2:0.000000,B2:0.000000,R3:0.000000,G3:0.000000,B3:0.000000,R4:0.000000,G4:0.000000,B4:0.000000,EVENT C:107.000000,R:4.000000,G:0.000000,B:0.000000, lux: 15.393061
01-25 19:58:32.589  1279  1327 I HfLooper: sensor 33171111 = 105.000000 4.000000 0.000000 0.000000 0.000000 0.000000
01-25 19:58:32.594  1785  2371 I libsensor-displayalgo: the value of channelCali C:55.577660,R:3.939274,G:0.000000,B:0.000000,scales C:1.000000,R:1.000000,G:1.000000,B:1.000000
01-25 19:58:32.594  1785  2371 I libsensor-displayalgo: the value of  REAL LUX14.794001
01-25 19:58:32.594  1785  2371 D libsensor-displayalgo: brightness:264.000000,flat_mode:0.000000,R1:23632.409401,G1:20236.182071,B1:19560.979375,R2:0.000000,G2:0.000000,B2:0.000000,R3:0.000000,G3:0.000000,B3:0.000000,R4:0.000000,G4:0.000000,B4:0.000000,EVENT C:105.000000,R:4.000000,G:0.000000,B:0.000000, lux: 14.794001
01-25 19:58:32.639  1279  1327 I HfLooper: sensor 33171111 = 109.000000 6.000000 0.000000 0.000000 0.000000 0.000000
01-25 19:58:32.644  1785  2371 I libsensor-displayalgo: the value of channelCali C:55.577660,R:3.939274,G:0.000000,B:0.000000,scales C:1.000000,R:1.000000,G:1.000000,B:1.000000
01-25 19:58:32.644  1785  2371 I libsensor-displayalgo: the value of  REAL LUX15.680696
01-25 19:58:32.645  1785  2371 D libsensor-displayalgo: brightness:264.000000,flat_mode:0.000000,R1:23632.409401,G1:20236.182071,B1:19560.979375,R2:0.000000,G2:0.000000,B2:0.000000,R3:0.000000,G3:0.000000,B3:0.000000,R4:0.000000,G4:0.000000,B4:0.000000,EVENT C:109.000000,R:6.000000,G:0.000000,B:0.000000, lux: 15.680696
01-25 19:58:32.689  1279  1327 I HfLooper: sensor 33171111 = 107.000000 4.000000 0.000000 0.000000 0.000000 0.000000
01-25 19:58:32.694  1785  2371 I libsensor-displayalgo: the value of channelCali C:55.577660,R:3.939274,G:0.000000,B:0.000000,scales C:1.000000,R:1.000000,G:1.000000,B:1.000000
01-25 19:58:32.694  1785  2371 I libsensor-displayalgo: the value of  REAL LUX15.393061
01-25 19:58:32.695  1785  2371 D libsensor-displayalgo: brightness:264.000000,flat_mode:0.000000,R1:23632.409401,G1:20236.182071,B1:19560.979375,R2:0.000000,G2:0.000000,B2:0.000000,R3:0.000000,G3:0.000000,B3:0.000000,R4:0.000000,G4:0.000000,B4:0.000000,EVENT C:107.000000,R:4.000000,G:0.000000,B:0.000000, lux: 15.393061
01-25 19:58:32.698  2075  2479 I SmartPower: com.google.android.gms.unstable/10148(28065): background->idle(3005ms) R(alarm start) adj=800.
01-25 19:58:32.698  2075  2479 I SmartPower: com.google.android.gms.ui/10148(12028): background->idle(3006ms) R(alarm start) adj=800.
01-25 19:58:32.698  2075  2479 I SmartPower: com.google.android.gms/10148(6338): background->idle(3005ms) R(alarm start) adj=200.
01-25 19:58:32.699  2075  2479 I SmartPower: com.google.android.gms:snet/10148(5827): background->idle(3005ms) R(alarm start) adj=800.
01-25 19:58:32.699  2075  2479 I SmartPower: com.google.android.gms.learning/10148(7111): background->idle(3005ms) R(alarm start) adj=800.
01-25 19:58:32.748  2075  6805 D AS.BtHelper: isBluetoothScoOn() mBluetoothHeadset is null: truemBluetoothHeadsetDevice is null: true
01-25 19:58:32.749  2075  6805 V AS.AudioDeviceBroker: requestedCommunicationDevice: null mAudioModeOwner: AudioModeInfo: mMode=MODE_NORMAL, mPid=0, mUid=0
01-25 19:58:32.749  2075  6805 D AS.BtHelper: isBluetoothScoOn() mBluetoothHeadset is null: truemBluetoothHeadsetDevice is null: true
01-25 19:58:32.750  2075  6805 V AS.AudioDeviceBroker: requestedCommunicationDevice: null mAudioModeOwner: AudioModeInfo: mMode=MODE_NORMAL, mPid=0, mUid=0
01-25 19:58:32.764  1647  1843 D ULogGuard: Monitoring: 10 threads, 0 requests, 0 time-bombs; 24 guards. ResetFlags = 0x7
01-25 19:58:32.788  1279  1327 I HfLooper: sensor 33171111 = 107.000000 4.000000 0.000000 0.000000 0.000000 0.000000
01-25 19:58:32.790  7223  4566 E TcpProberController: [gms_cast_prober-1] TcpProberDeviceController 1 timed out.
01-25 19:58:32.793  1785  2371 I libsensor-displayalgo: the value of channelCali C:55.577660,R:3.939274,G:0.000000,B:0.000000,scales C:1.000000,R:1.000000,G:1.000000,B:1.000000
01-25 19:58:32.793  1785  2371 I libsensor-displayalgo: the value of  REAL LUX15.393061
01-25 19:58:32.793  1785  2371 D libsensor-displayalgo: brightness:264.000000,flat_mode:0.000000,R1:23632.409401,G1:20236.182071,B1:19560.979375,R2:0.000000,G2:0.000000,B2:0.000000,R3:0.000000,G3:0.000000,B3:0.000000,R4:0.000000,G4:0.000000,B4:0.000000,EVENT C:107.000000,R:4.000000,G:0.000000,B:0.000000, lux: 15.393061
01-25 19:58:32.839  1279  1327 I HfLooper: sensor 33171111 = 109.000000 6.000000 0.000000 0.000000 0.000000 0.000000
01-25 19:58:32.844  1785  2371 I libsensor-displayalgo: the value of channelCali C:55.577660,R:3.939274,G:0.000000,B:0.000000,scales C:1.000000,R:1.000000,G:1.000000,B:1.000000
01-25 19:58:32.845  1785  2371 I libsensor-displayalgo: the value of  REAL LUX15.680696
01-25 19:58:32.845  1785  2371 D libsensor-displayalgo: brightness:264.000000,flat_mode:0.000000,R1:23632.409401,G1:20236.182071,B1:19560.979375,R2:0.000000,G2:0.000000,B2:0.000000,R3:0.000000,G3:0.000000,B3:0.000000,R4:0.000000,G4:0.000000,B4:0.000000,EVENT C:109.000000,R:6.000000,G:0.000000,B:0.000000, lux: 15.680696
01-25 19:58:32.888  1279  1327 I HfLooper: sensor 33171111 = 107.000000 4.000000 0.000000 0.000000 0.000000 0.000000
01-25 19:58:32.893  1785  2371 I libsensor-displayalgo: the value of channelCali C:55.577660,R:3.939274,G:0.000000,B:0.000000,scales C:1.000000,R:1.000000,G:1.000000,B:1.000000
01-25 19:58:32.893  1785  2371 I libsensor-displayalgo: the value of  REAL LUX15.393061
01-25 19:58:32.893  1785  2371 D libsensor-displayalgo: brightness:264.000000,flat_mode:0.000000,R1:23632.409401,G1:20236.182071,B1:19560.979375,R2:0.000000,G2:0.000000,B2:0.000000,R3:0.000000,G3:0.000000,B3:0.000000,R4:0.000000,G4:0.000000,B4:0.000000,EVENT C:107.000000,R:4.000000,G:0.000000,B:0.000000, lux: 15.393061
01-25 19:58:32.938  1279  1327 I HfLooper: sensor 33171111 = 107.000000 4.000000 0.000000 0.000000 0.000000 0.000000
01-25 19:58:32.943  1785  2371 I libsensor-displayalgo: the value of channelCali C:55.577660,R:3.939274,G:0.000000,B:0.000000,scales C:1.000000,R:1.000000,G:1.000000,B:1.000000
01-25 19:58:32.944  1785  2371 I libsensor-displayalgo: the value of  REAL LUX15.393061
01-25 19:58:32.944  1785  2371 D libsensor-displayalgo: brightness:264.000000,flat_mode:0.000000,R1:23632.409401,G1:20236.182071,B1:19560.979375,R2:0.000000,G2:0.000000,B2:0.000000,R3:0.000000,G3:0.000000,B3:0.000000,R4:0.000000,G4:0.000000,B4:0.000000,EVENT C:107.000000,R:4.000000,G:0.000000,B:0.000000, lux: 15.393061
01-25 19:58:32.989  1279  1327 I HfLooper: sensor 33171111 = 107.000000 4.000000 0.000000 0.000000 0.000000 0.000000
01-25 19:58:32.994  1785  2371 I libsensor-displayalgo: the value of channelCali C:55.577660,R:3.939274,G:0.000000,B:0.000000,scales C:1.000000,R:1.000000,G:1.000000,B:1.000000
01-25 19:58:32.994  1785  2371 I libsensor-displayalgo: the value of  REAL LUX15.393061
01-25 19:58:32.994  1785  2371 D libsensor-displayalgo: brightness:264.000000,flat_mode:0.000000,R1:23632.409401,G1:20236.182071,B1:19560.979375,R2:0.000000,G2:0.000000,B2:0.000000,R3:0.000000,G3:0.000000,B3:0.000000,R4:0.000000,G4:0.000000,B4:0.000000,EVENT C:107.000000,R:4.000000,G:0.000000,B:0.000000, lux: 15.393061
01-25 19:58:32.997  7223  4566 D AppOpsManager: Noted app header size: 88
01-25 19:58:33.038  1279  1327 I HfLooper: sensor 33171111 = 105.000000 4.000000 0.000000 0.000000 0.000000 0.000000
01-25 19:58:33.044  1785  2371 I libsensor-displayalgo: the value of channelCali C:55.577660,R:3.939274,G:0.000000,B:0.000000,scales C:1.000000,R:1.000000,G:1.000000,B:1.000000
01-25 19:58:33.045  1785  2371 I libsensor-displayalgo: the value of  REAL LUX14.794001
01-25 19:58:33.045  1785  2371 D libsensor-displayalgo: brightness:264.000000,flat_mode:0.000000,R1:23632.409401,G1:20236.182071,B1:19560.979375,R2:0.000000,G2:0.000000,B2:0.000000,R3:0.000000,G3:0.000000,B3:0.000000,R4:0.000000,G4:0.000000,B4:0.000000,EVENT C:105.000000,R:4.000000,G:0.000000,B:0.000000, lux: 14.794001
01-25 19:58:33.088  1279  1327 I HfLooper: sensor 33171111 = 105.000000 4.000000 0.000000 0.000000 0.000000 0.000000
01-25 19:58:33.093  1785  2371 I libsensor-displayalgo: the value of channelCali C:55.577660,R:3.939274,G:0.000000,B:0.000000,scales C:1.000000,R:1.000000,G:1.000000,B:1.000000
01-25 19:58:33.093  1785  2371 I libsensor-displayalgo: the value of  REAL LUX14.794001
01-25 19:58:33.093  1785  2371 D libsensor-displayalgo: brightness:264.000000,flat_mode:0.000000,R1:23632.409401,G1:20236.182071,B1:19560.979375,R2:0.000000,G2:0.000000,B2:0.000000,R3:0.000000,G3:0.000000,B3:0.000000,R4:0.000000,G4:0.000000,B4:0.000000,EVENT C:105.000000,R:4.000000,G:0.000000,B:0.000000, lux: 14.794001
01-25 19:58:33.107  2847  2847 W Settings: Setting airplane_mode_on has moved from android.provider.Settings.System to android.provider.Settings.Global, returning read-only value.
01-25 19:58:33.112  2847  2847 W Settings: Setting airplane_mode_on has moved from android.provider.Settings.System to android.provider.Settings.Global, returning read-only value.
01-25 19:58:33.117  2847 26787 D NetworkSpeedTracker: updateNwSignalInfo not allowed ,ignore
01-25 19:58:33.123  2847 26787 D NetworkSpeedTracker: updateNwSignalInfo not allowed ,ignore
01-25 19:58:33.138  1279  1327 I HfLooper: sensor 33171111 = 107.000000 4.000000 0.000000 0.000000 0.000000 0.000000
01-25 19:58:33.144  1785  2371 I libsensor-displayalgo: the value of channelCali C:55.577660,R:3.939274,G:0.000000,B:0.000000,scales C:1.000000,R:1.000000,G:1.000000,B:1.000000
01-25 19:58:33.144  1785  2371 I libsensor-displayalgo: the value of  REAL LUX15.393061
01-25 19:58:33.145  1785  2371 D libsensor-displayalgo: brightness:264.000000,flat_mode:0.000000,R1:23632.409401,G1:20236.182071,B1:19560.979375,R2:0.000000,G2:0.000000,B2:0.000000,R3:0.000000,G3:0.000000,B3:0.000000,R4:0.000000,G4:0.000000,B4:0.000000,EVENT C:107.000000,R:4.000000,G:0.000000,B:0.000000, lux: 15.393061
01-25 19:58:33.188  1279  1327 I HfLooper: sensor 33171111 = 112.000000 4.000000 0.000000 0.000000 0.000000 0.000000
01-25 19:58:33.193  1785  2371 I libsensor-displayalgo: the value of channelCali C:55.577660,R:3.939274,G:0.000000,B:0.000000,scales C:1.000000,R:1.000000,G:1.000000,B:1.000000
01-25 19:58:33.193  1785  2371 I libsensor-displayalgo: the value of  REAL LUX16.890709
01-25 19:58:33.193  1785  2371 D libsensor-displayalgo: brightness:264.000000,flat_mode:0.000000,R1:23632.409401,G1:20236.182071,B1:19560.979375,R2:0.000000,G2:0.000000,B2:0.000000,R3:0.000000,G3:0.000000,B3:0.000000,R4:0.000000,G4:0.000000,B4:0.000000,EVENT C:112.000000,R:4.000000,G:0.000000,B:0.000000, lux: 16.890709
01-25 19:58:33.238  1279  1327 I HfLooper: sensor 33171111 = 105.000000 4.000000 0.000000 0.000000 0.000000 0.000000
01-25 19:58:33.239  1785  2371 I libsensor-displayalgo: the value of channelCali C:55.577660,R:3.939274,G:0.000000,B:0.000000,scales C:1.000000,R:1.000000,G:1.000000,B:1.000000
01-25 19:58:33.240  1785  2371 I libsensor-displayalgo: the value of  REAL LUX14.794001
01-25 19:58:33.240  1785  2371 D libsensor-displayalgo: brightness:264.000000,flat_mode:0.000000,R1:23632.409401,G1:20236.182071,B1:19560.979375,R2:0.000000,G2:0.000000,B2:0.000000,R3:0.000000,G3:0.000000,B3:0.000000,R4:0.000000,G4:0.000000,B4:0.000000,EVENT C:105.000000,R:4.000000,G:0.000000,B:0.000000, lux: 14.794001
01-25 19:58:33.289  1279  1327 I HfLooper: sensor 33171111 = 107.000000 4.000000 0.000000 0.000000 0.000000 0.000000
01-25 19:58:33.294  1785  2371 I libsensor-displayalgo: the value of channelCali C:55.577660,R:3.939274,G:0.000000,B:0.000000,scales C:1.000000,R:1.000000,G:1.000000,B:1.000000
01-25 19:58:33.295  1785  2371 I libsensor-displayalgo: the value of  REAL LUX15.393061
01-25 19:58:33.295  1785  2371 D libsensor-displayalgo: brightness:264.000000,flat_mode:0.000000,R1:23632.409401,G1:20236.182071,B1:19560.979375,R2:0.000000,G2:0.000000,B2:0.000000,R3:0.000000,G3:0.000000,B3:0.000000,R4:0.000000,G4:0.000000,B4:0.000000,EVENT C:107.000000,R:4.000000,G:0.000000,B:0.000000, lux: 15.393061
01-25 19:58:33.339  1279  1327 I HfLooper: sensor 33171111 = 107.000000 4.000000 0.000000 0.000000 0.000000 0.000000
01-25 19:58:33.344  1785  2371 I libsensor-displayalgo: the value of channelCali C:55.577660,R:3.939274,G:0.000000,B:0.000000,scales C:1.000000,R:1.000000,G:1.000000,B:1.000000
01-25 19:58:33.345  1785  2371 I libsensor-displayalgo: the value of  REAL LUX15.393061
01-25 19:58:33.345  1785  2371 D libsensor-displayalgo: brightness:264.000000,flat_mode:0.000000,R1:23632.409401,G1:20236.182071,B1:19560.979375,R2:0.000000,G2:0.000000,B2:0.000000,R3:0.000000,G3:0.000000,B3:0.000000,R4:0.000000,G4:0.000000,B4:0.000000,EVENT C:107.000000,R:4.000000,G:0.000000,B:0.000000, lux: 15.393061
01-25 19:58:33.390  1579  1579 I wificond: station_bandwidth: 
01-25 19:58:33.405  1309  1373 I libPerfCtl: xgfGetFPS pid:2865 fps:-1
01-25 19:58:33.439  1279  1327 I HfLooper: sensor 33171111 = 105.000000 4.000000 0.000000 0.000000 0.000000 0.000000
01-25 19:58:33.444  1785  2371 I libsensor-displayalgo: the value of channelCali C:55.577660,R:3.939274,G:0.000000,B:0.000000,scales C:1.000000,R:1.000000,G:1.000000,B:1.000000
01-25 19:58:33.444  1785  2371 I libsensor-displayalgo: the value of  REAL LUX14.794001
01-25 19:58:33.444  1785  2371 D libsensor-displayalgo: brightness:264.000000,flat_mode:0.000000,R1:23632.409401,G1:20236.182071,B1:19560.979375,R2:0.000000,G2:0.000000,B2:0.000000,R3:0.000000,G3:0.000000,B3:0.000000,R4:0.000000,G4:0.000000,B4:0.000000,EVENT C:105.000000,R:4.000000,G:0.000000,B:0.000000, lux: 14.794001
01-25 19:58:33.489  1279  1327 I HfLooper: sensor 33171111 = 105.000000 4.000000 0.000000 0.000000 0.000000 0.000000
01-25 19:58:33.494  1785  2371 I libsensor-displayalgo: the value of channelCali C:55.577660,R:3.939274,G:0.000000,B:0.000000,scales C:1.000000,R:1.000000,G:1.000000,B:1.000000
01-25 19:58:33.494  1785  2371 I libsensor-displayalgo: the value of  REAL LUX14.794001
01-25 19:58:33.495  1785  2371 D libsensor-displayalgo: brightness:264.000000,flat_mode:0.000000,R1:23632.409401,G1:20236.182071,B1:19560.979375,R2:0.000000,G2:0.000000,B2:0.000000,R3:0.000000,G3:0.000000,B3:0.000000,R4:0.000000,G4:0.000000,B4:0.000000,EVENT C:105.000000,R:4.000000,G:0.000000,B:0.000000, lux: 14.794001
01-25 19:58:33.539  1279  1327 I HfLooper: sensor 33171111 = 107.000000 4.000000 0.000000 0.000000 0.000000 0.000000
01-25 19:58:33.544  1785  2371 I libsensor-displayalgo: the value of channelCali C:55.577660,R:3.939274,G:0.000000,B:0.000000,scales C:1.000000,R:1.000000,G:1.000000,B:1.000000
01-25 19:58:33.544  1785  2371 I libsensor-displayalgo: the value of  REAL LUX15.393061
01-25 19:58:33.545  1785  2371 D libsensor-displayalgo: brightness:264.000000,flat_mode:0.000000,R1:23632.409401,G1:20236.182071,B1:19560.979375,R2:0.000000,G2:0.000000,B2:0.000000,R3:0.000000,G3:0.000000,B3:0.000000,R4:0.000000,G4:0.000000,B4:0.000000,EVENT C:107.000000,R:4.000000,G:0.000000,B:0.000000, lux: 15.393061
01-25 19:58:33.589  1279  1327 I HfLooper: sensor 33171111 = 105.000000 4.000000 0.000000 0.000000 0.000000 0.000000
01-25 19:58:33.595  1785  2371 I libsensor-displayalgo: the value of channelCali C:55.577660,R:3.939274,G:0.000000,B:0.000000,scales C:1.000000,R:1.000000,G:1.000000,B:1.000000
01-25 19:58:33.595  1785  2371 I libsensor-displayalgo: the value of  REAL LUX14.794001
01-25 19:58:33.595  1785  2371 D libsensor-displayalgo: brightness:264.000000,flat_mode:0.000000,R1:23632.409401,G1:20236.182071,B1:19560.979375,R2:0.000000,G2:0.000000,B2:0.000000,R3:0.000000,G3:0.000000,B3:0.000000,R4:0.000000,G4:0.000000,B4:0.000000,EVENT C:105.000000,R:4.000000,G:0.000000,B:0.000000, lux: 14.794001
01-25 19:58:33.638  1279  1327 I HfLooper: sensor 33171111 = 107.000000 4.000000 0.000000 0.000000 0.000000 0.000000
01-25 19:58:33.644  1785  2371 I libsensor-displayalgo: the value of channelCali C:55.577660,R:3.939274,G:0.000000,B:0.000000,scales C:1.000000,R:1.000000,G:1.000000,B:1.000000
01-25 19:58:33.644  1785  2371 I libsensor-displayalgo: the value of  REAL LUX15.393061
01-25 19:58:33.644  1785  2371 D libsensor-displayalgo: brightness:264.000000,flat_mode:0.000000,R1:23632.409401,G1:20236.182071,B1:19560.979375,R2:0.000000,G2:0.000000,B2:0.000000,R3:0.000000,G3:0.000000,B3:0.000000,R4:0.000000,G4:0.000000,B4:0.000000,EVENT C:107.000000,R:4.000000,G:0.000000,B:0.000000, lux: 15.393061
01-25 19:58:33.689  1279  1327 I HfLooper: sensor 33171111 = 109.000000 4.000000 0.000000 0.000000 0.000000 0.000000
01-25 19:58:33.694  1785  2371 I libsensor-displayalgo: the value of channelCali C:55.577660,R:3.939274,G:0.000000,B:0.000000,scales C:1.000000,R:1.000000,G:1.000000,B:1.000000
01-25 19:58:33.694  1785  2371 I libsensor-displayalgo: the value of  REAL LUX15.992120
01-25 19:58:33.694  1785  2371 D libsensor-displayalgo: brightness:264.000000,flat_mode:0.000000,R1:23632.409401,G1:20236.182071,B1:19560.979375,R2:0.000000,G2:0.000000,B2:0.000000,R3:0.000000,G3:0.000000,B3:0.000000,R4:0.000000,G4:0.000000,B4:0.000000,EVENT C:109.000000,R:4.000000,G:0.000000,B:0.000000, lux: 15.992120
01-25 19:58:33.739  1279  1327 I HfLooper: sensor 33171111 = 107.000000 4.000000 0.000000 0.000000 0.000000 0.000000
01-25 19:58:33.744  1785  2371 I libsensor-displayalgo: the value of channelCali C:55.577660,R:3.939274,G:0.000000,B:0.000000,scales C:1.000000,R:1.000000,G:1.000000,B:1.000000
01-25 19:58:33.744  1785  2371 I libsensor-displayalgo: the value of  REAL LUX15.393061
01-25 19:58:33.744  1785  2371 D libsensor-displayalgo: brightness:264.000000,flat_mode:0.000000,R1:23632.409401,G1:20236.182071,B1:19560.979375,R2:0.000000,G2:0.000000,B2:0.000000,R3:0.000000,G3:0.000000,B3:0.000000,R4:0.000000,G4:0.000000,B4:0.000000,EVENT C:107.000000,R:4.000000,G:0.000000,B:0.000000, lux: 15.393061
01-25 19:58:33.754  2075  6805 D AS.BtHelper: isBluetoothScoOn() mBluetoothHeadset is null: truemBluetoothHeadsetDevice is null: true
01-25 19:58:33.755  2075  6805 V AS.AudioDeviceBroker: requestedCommunicationDevice: null mAudioModeOwner: AudioModeInfo: mMode=MODE_NORMAL, mPid=0, mUid=0
01-25 19:58:33.756  2075  6805 D AS.BtHelper: isBluetoothScoOn() mBluetoothHeadset is null: truemBluetoothHeadsetDevice is null: true
01-25 19:58:33.756  2075  6805 V AS.AudioDeviceBroker: requestedCommunicationDevice: null mAudioModeOwner: AudioModeInfo: mMode=MODE_NORMAL, mPid=0, mUid=0
01-25 19:58:33.787  1279  1327 I HfLooper: sensor 33171111 = 105.000000 4.000000 0.000000 0.000000 0.000000 0.000000
01-25 19:58:33.792  1785  2371 I libsensor-displayalgo: the value of channelCali C:55.577660,R:3.939274,G:0.000000,B:0.000000,scales C:1.000000,R:1.000000,G:1.000000,B:1.000000
01-25 19:58:33.793  1785  2371 I libsensor-displayalgo: the value of  REAL LUX14.794001
01-25 19:58:33.793  1785  2371 D libsensor-displayalgo: brightness:264.000000,flat_mode:0.000000,R1:23632.409401,G1:20236.182071,B1:19560.979375,R2:0.000000,G2:0.000000,B2:0.000000,R3:0.000000,G3:0.000000,B3:0.000000,R4:0.000000,G4:0.000000,B4:0.000000,EVENT C:105.000000,R:4.000000,G:0.000000,B:0.000000, lux: 14.794001
01-25 19:58:33.839  1279  1327 I HfLooper: sensor 33171111 = 105.000000 4.000000 0.000000 0.000000 0.000000 0.000000
01-25 19:58:33.844  1785  2371 I libsensor-displayalgo: the value of channelCali C:55.577660,R:3.939274,G:0.000000,B:0.000000,scales C:1.000000,R:1.000000,G:1.000000,B:1.000000
01-25 19:58:33.844  1785  2371 I libsensor-displayalgo: the value of  REAL LUX14.794001
01-25 19:58:33.844  1785  2371 D libsensor-displayalgo: brightness:264.000000,flat_mode:0.000000,R1:23632.409401,G1:20236.182071,B1:19560.979375,R2:0.000000,G2:0.000000,B2:0.000000,R3:0.000000,G3:0.000000,B3:0.000000,R4:0.000000,G4:0.000000,B4:0.000000,EVENT C:105.000000,R:4.000000,G:0.000000,B:0.000000, lux: 14.794001
01-25 19:58:33.889  1279  1327 I HfLooper: sensor 33171111 = 107.000000 4.000000 0.000000 0.000000 0.000000 0.000000
01-25 19:58:33.894  1785  2371 I libsensor-displayalgo: the value of channelCali C:55.577660,R:3.939274,G:0.000000,B:0.000000,scales C:1.000000,R:1.000000,G:1.000000,B:1.000000
01-25 19:58:33.894  1785  2371 I libsensor-displayalgo: the value of  REAL LUX15.393061
01-25 19:58:33.894  1785  2371 D libsensor-displayalgo: brightness:264.000000,flat_mode:0.000000,R1:23632.409401,G1:20236.182071,B1:19560.979375,R2:0.000000,G2:0.000000,B2:0.000000,R3:0.000000,G3:0.000000,B3:0.000000,R4:0.000000,G4:0.000000,B4:0.000000,EVENT C:107.000000,R:4.000000,G:0.000000,B:0.000000, lux: 15.393061
01-25 19:58:33.938  1279  1327 I HfLooper: sensor 33171111 = 107.000000 4.000000 0.000000 0.000000 0.000000 0.000000
01-25 19:58:33.944  1785  2371 I libsensor-displayalgo: the value of channelCali C:55.577660,R:3.939274,G:0.000000,B:0.000000,scales C:1.000000,R:1.000000,G:1.000000,B:1.000000
01-25 19:58:33.944  1785  2371 I libsensor-displayalgo: the value of  REAL LUX15.393061
01-25 19:58:33.944  1785  2371 D libsensor-displayalgo: brightness:264.000000,flat_mode:0.000000,R1:23632.409401,G1:20236.182071,B1:19560.979375,R2:0.000000,G2:0.000000,B2:0.000000,R3:0.000000,G3:0.000000,B3:0.000000,R4:0.000000,G4:0.000000,B4:0.000000,EVENT C:107.000000,R:4.000000,G:0.000000,B:0.000000, lux: 15.393061
01-25 19:58:33.989  1279  1327 I HfLooper: sensor 33171111 = 105.000000 4.000000 0.000000 0.000000 0.000000 0.000000
01-25 19:58:33.994  1785  2371 I libsensor-displayalgo: the value of channelCali C:55.577660,R:3.939274,G:0.000000,B:0.000000,scales C:1.000000,R:1.000000,G:1.000000,B:1.000000
01-25 19:58:33.994  1785  2371 I libsensor-displayalgo: the value of  REAL LUX14.794001
01-25 19:58:33.994  1785  2371 D libsensor-displayalgo: brightness:264.000000,flat_mode:0.000000,R1:23632.409401,G1:20236.182071,B1:19560.979375,R2:0.000000,G2:0.000000,B2:0.000000,R3:0.000000,G3:0.000000,B3:0.000000,R4:0.000000,G4:0.000000,B4:0.000000,EVENT C:105.000000,R:4.000000,G:0.000000,B:0.000000, lux: 14.794001
01-25 19:58:34.056  2075  2479 I SmartPower: de.mobileconcepts.cyberghost/10403(26461): background->idle(3001ms) R(broadcast start Intent { act=android.intent.action.BATTERY_CHANGED flg=0x60000010 (has extras) }) adj=200.
01-25 19:58:34.057  2075  2479 I SmartPower: com.android.chrome/10174(9793): background->idle(3000ms) R(broadcast start Intent { act=android.intent.action.BATTERY_CHANGED flg=0x60000010 (has extras) }) adj=900.
01-25 19:58:34.058  2075  2479 I SmartPower: com.xiaomi.discover/10186(27670): background->idle(3000ms) R(broadcast start Intent { act=android.intent.action.BATTERY_CHANGED flg=0x60000010 (has extras) }) adj=500.
01-25 19:58:34.060  2075  2479 I SmartPower: com.instagram.barcelona/10291(31695): background->idle(3001ms) R(broadcast start Intent { act=android.intent.action.BATTERY_CHANGED flg=0x60000010 (has extras) }) adj=915.
01-25 19:58:34.061  2075  2479 I SmartPower: com.microsoft.office.outlook/10457(32557): background->idle(3001ms) R(broadcast start Intent { act=android.intent.action.BATTERY_CHANGED flg=0x60000010 (has extras) }) adj=915.
01-25 19:58:34.062  2075  2479 I SmartPower: com.facebook.katana/10295(4078): background->idle(3002ms) R(broadcast start Intent { act=android.intent.action.BATTERY_CHANGED flg=0x60000010 (has extras) }) adj=905.
01-25 19:58:34.089  1279  1327 I HfLooper: sensor 33171111 = 107.000000 4.000000 0.000000 0.000000 0.000000 0.000000
01-25 19:58:34.094  1785  2371 I libsensor-displayalgo: the value of channelCali C:55.577660,R:3.939274,G:0.000000,B:0.000000,scales C:1.000000,R:1.000000,G:1.000000,B:1.000000
01-25 19:58:34.094  1785  2371 I libsensor-displayalgo: the value of  REAL LUX15.393061
01-25 19:58:34.095  1785  2371 D libsensor-displayalgo: brightness:264.000000,flat_mode:0.000000,R1:23632.409401,G1:20236.182071,B1:19560.979375,R2:0.000000,G2:0.000000,B2:0.000000,R3:0.000000,G3:0.000000,B3:0.000000,R4:0.000000,G4:0.000000,B4:0.000000,EVENT C:107.000000,R:4.000000,G:0.000000,B:0.000000, lux: 15.393061
01-25 19:58:34.139  1279  1327 I HfLooper: sensor 33171111 = 107.000000 4.000000 0.000000 0.000000 0.000000 0.000000
01-25 19:58:34.144  1785  2371 I libsensor-displayalgo: the value of channelCali C:55.577660,R:3.939274,G:0.000000,B:0.000000,scales C:1.000000,R:1.000000,G:1.000000,B:1.000000
01-25 19:58:34.144  1785  2371 I libsensor-displayalgo: the value of  REAL LUX15.393061
01-25 19:58:34.144  1785  2371 D libsensor-displayalgo: brightness:264.000000,flat_mode:0.000000,R1:23632.409401,G1:20236.182071,B1:19560.979375,R2:0.000000,G2:0.000000,B2:0.000000,R3:0.000000,G3:0.000000,B3:0.000000,R4:0.000000,G4:0.000000,B4:0.000000,EVENT C:107.000000,R:4.000000,G:0.000000,B:0.000000, lux: 15.393061
01-25 19:58:34.188  1279  1327 I HfLooper: sensor 33171111 = 107.000000 4.000000 0.000000 0.000000 0.000000 0.000000
01-25 19:58:34.194  1785  2371 I libsensor-displayalgo: the value of channelCali C:55.577660,R:3.939274,G:0.000000,B:0.000000,scales C:1.000000,R:1.000000,G:1.000000,B:1.000000
01-25 19:58:34.194  1785  2371 I libsensor-displayalgo: the value of  REAL LUX15.393061
01-25 19:58:34.194  1785  2371 D libsensor-displayalgo: brightness:264.000000,flat_mode:0.000000,R1:23632.409401,G1:20236.182071,B1:19560.979375,R2:0.000000,G2:0.000000,B2:0.000000,R3:0.000000,G3:0.000000,B3:0.000000,R4:0.000000,G4:0.000000,B4:0.000000,EVENT C:107.000000,R:4.000000,G:0.000000,B:0.000000, lux: 15.393061
01-25 19:58:34.239  1279  1327 I HfLooper: sensor 33171111 = 107.000000 4.000000 0.000000 0.000000 0.000000 0.000000
01-25 19:58:34.244  1785  2371 I libsensor-displayalgo: the value of channelCali C:55.577660,R:3.939274,G:0.000000,B:0.000000,scales C:1.000000,R:1.000000,G:1.000000,B:1.000000
01-25 19:58:34.244  1785  2371 I libsensor-displayalgo: the value of  REAL LUX15.393061
01-25 19:58:34.244  1785  2371 D libsensor-displayalgo: brightness:264.000000,flat_mode:0.000000,R1:23632.409401,G1:20236.182071,B1:19560.979375,R2:0.000000,G2:0.000000,B2:0.000000,R3:0.000000,G3:0.000000,B3:0.000000,R4:0.000000,G4:0.000000,B4:0.000000,EVENT C:107.000000,R:4.000000,G:0.000000,B:0.000000, lux: 15.393061
01-25 19:58:34.288  1279  1327 I HfLooper: sensor 33171111 = 107.000000 4.000000 0.000000 0.000000 0.000000 0.000000
01-25 19:58:34.293  1785  2371 I libsensor-displayalgo: the value of channelCali C:55.577660,R:3.939274,G:0.000000,B:0.000000,scales C:1.000000,R:1.000000,G:1.000000,B:1.000000
01-25 19:58:34.293  1785  2371 I libsensor-displayalgo: the value of  REAL LUX15.393061
01-25 19:58:34.294  1785  2371 D libsensor-displayalgo: brightness:264.000000,flat_mode:0.000000,R1:23632.409401,G1:20236.182071,B1:19560.979375,R2:0.000000,G2:0.000000,B2:0.000000,R3:0.000000,G3:0.000000,B3:0.000000,R4:0.000000,G4:0.000000,B4:0.000000,EVENT C:107.000000,R:4.000000,G:0.000000,B:0.000000, lux: 15.393061
01-25 19:58:34.339  1279  1327 I HfLooper: sensor 33171111 = 105.000000 4.000000 0.000000 0.000000 0.000000 0.000000
01-25 19:58:34.344  1785  2371 I libsensor-displayalgo: the value of channelCali C:55.577660,R:3.939274,G:0.000000,B:0.000000,scales C:1.000000,R:1.000000,G:1.000000,B:1.000000
01-25 19:58:34.345  1785  2371 I libsensor-displayalgo: the value of  REAL LUX14.794001
01-25 19:58:34.345  1785  2371 D libsensor-displayalgo: brightness:264.000000,flat_mode:0.000000,R1:23632.409401,G1:20236.182071,B1:19560.979375,R2:0.000000,G2:0.000000,B2:0.000000,R3:0.000000,G3:0.000000,B3:0.000000,R4:0.000000,G4:0.000000,B4:0.000000,EVENT C:105.000000,R:4.000000,G:0.000000,B:0.000000, lux: 14.794001
01-25 19:58:34.389  1279  1327 I HfLooper: sensor 33171111 = 107.000000 4.000000 0.000000 0.000000 0.000000 0.000000
01-25 19:58:34.394  1785  2371 I libsensor-displayalgo: the value of channelCali C:55.577660,R:3.939274,G:0.000000,B:0.000000,scales C:1.000000,R:1.000000,G:1.000000,B:1.000000
01-25 19:58:34.394  1785  2371 I libsensor-displayalgo: the value of  REAL LUX15.393061
01-25 19:58:34.394  1785  2371 D libsensor-displayalgo: brightness:264.000000,flat_mode:0.000000,R1:23632.409401,G1:20236.182071,B1:19560.979375,R2:0.000000,G2:0.000000,B2:0.000000,R3:0.000000,G3:0.000000,B3:0.000000,R4:0.000000,G4:0.000000,B4:0.000000,EVENT C:107.000000,R:4.000000,G:0.000000,B:0.000000, lux: 15.393061
01-25 19:58:34.405  1309  1373 I libPerfCtl: xgfGetFPS pid:2865 fps:-1
01-25 19:58:34.439  1279  1327 I HfLooper: sensor 33171111 = 112.000000 4.000000 0.000000 0.000000 0.000000 0.000000
01-25 19:58:34.444  1785  2371 I libsensor-displayalgo: the value of channelCali C:55.577660,R:3.939274,G:0.000000,B:0.000000,scales C:1.000000,R:1.000000,G:1.000000,B:1.000000
01-25 19:58:34.444  1785  2371 I libsensor-displayalgo: the value of  REAL LUX16.890709
01-25 19:58:34.444  1785  2371 D libsensor-displayalgo: brightness:264.000000,flat_mode:0.000000,R1:23632.409401,G1:20236.182071,B1:19560.979375,R2:0.000000,G2:0.000000,B2:0.000000,R3:0.000000,G3:0.000000,B3:0.000000,R4:0.000000,G4:0.000000,B4:0.000000,EVENT C:112.000000,R:4.000000,G:0.000000,B:0.000000, lux: 16.890709
01-25 19:58:34.488  1279  1327 I HfLooper: sensor 33171111 = 107.000000 4.000000 0.000000 0.000000 0.000000 0.000000
01-25 19:58:34.493  1785  2371 I libsensor-displayalgo: the value of channelCali C:55.577660,R:3.939274,G:0.000000,B:0.000000,scales C:1.000000,R:1.000000,G:1.000000,B:1.000000
01-25 19:58:34.493  1785  2371 I libsensor-displayalgo: the value of  REAL LUX15.393061
01-25 19:58:34.493  1785  2371 D libsensor-displayalgo: brightness:264.000000,flat_mode:0.000000,R1:23632.409401,G1:20236.182071,B1:19560.979375,R2:0.000000,G2:0.000000,B2:0.000000,R3:0.000000,G3:0.000000,B3:0.000000,R4:0.000000,G4:0.000000,B4:0.000000,EVENT C:107.000000,R:4.000000,G:0.000000,B:0.000000, lux: 15.393061
01-25 19:58:34.538  1279  1327 I HfLooper: sensor 33171111 = 109.000000 6.000000 0.000000 0.000000 0.000000 0.000000
01-25 19:58:34.543  1785  2371 I libsensor-displayalgo: the value of channelCali C:55.577660,R:3.939274,G:0.000000,B:0.000000,scales C:1.000000,R:1.000000,G:1.000000,B:1.000000
01-25 19:58:34.543  1785  2371 I libsensor-displayalgo: the value of  REAL LUX15.680696
01-25 19:58:34.543  1785  2371 D libsensor-displayalgo: brightness:264.000000,flat_mode:0.000000,R1:23632.409401,G1:20236.182071,B1:19560.979375,R2:0.000000,G2:0.000000,B2:0.000000,R3:0.000000,G3:0.000000,B3:0.000000,R4:0.000000,G4:0.000000,B4:0.000000,EVENT C:109.000000,R:6.000000,G:0.000000,B:0.000000, lux: 15.680696
01-25 19:58:34.589  1279  1327 I HfLooper: sensor 33171111 = 109.000000 4.000000 0.000000 0.000000 0.000000 0.000000
01-25 19:58:34.594  1785  2371 I libsensor-displayalgo: the value of channelCali C:55.577660,R:3.939274,G:0.000000,B:0.000000,scales C:1.000000,R:1.000000,G:1.000000,B:1.000000
01-25 19:58:34.594  1785  2371 I libsensor-displayalgo: the value of  REAL LUX15.992120
01-25 19:58:34.594  1785  2371 D libsensor-displayalgo: brightness:264.000000,flat_mode:0.000000,R1:23632.409401,G1:20236.182071,B1:19560.979375,R2:0.000000,G2:0.000000,B2:0.000000,R3:0.000000,G3:0.000000,B3:0.000000,R4:0.000000,G4:0.000000,B4:0.000000,EVENT C:109.000000,R:4.000000,G:0.000000,B:0.000000, lux: 15.992120
01-25 19:58:34.637  1279  1327 I HfLooper: sensor 33171111 = 107.000000 4.000000 0.000000 0.000000 0.000000 0.000000
01-25 19:58:34.642  1785  2371 I libsensor-displayalgo: the value of channelCali C:55.577660,R:3.939274,G:0.000000,B:0.000000,scales C:1.000000,R:1.000000,G:1.000000,B:1.000000
01-25 19:58:34.643  1785  2371 I libsensor-displayalgo: the value of  REAL LUX15.393061
01-25 19:58:34.643  1785  2371 D libsensor-displayalgo: brightness:264.000000,flat_mode:0.000000,R1:23632.409401,G1:20236.182071,B1:19560.979375,R2:0.000000,G2:0.000000,B2:0.000000,R3:0.000000,G3:0.000000,B3:0.000000,R4:0.000000,G4:0.000000,B4:0.000000,EVENT C:107.000000,R:4.000000,G:0.000000,B:0.000000, lux: 15.393061
01-25 19:58:34.674  2075  2148 D DisplayPowerControllerImpl: updateBrightnessChangeStatus: animating: true, displayState: 2, slowChange: false, appliedDimming: false, currentBrightness: 0.064266145, currentSdrBrightness: 0.064266145, targetBrightness: 0.001709819, targetSdrBrightness: 0.001709819, previousDisplayPolicy: 3, currentDisplayPolicy: 2
01-25 19:58:34.674  2075  2148 D RampRateController: updateBrightnessRate: screenBrightnessFloat: brightness rate changing from [zero_rate] to [dim_rate], rate: 0.19422545
01-25 19:58:34.674  2075  2148 D RampRateController: updateBrightnessRate: sdrScreenBrightnessFloat: brightness rate changing from [zero_rate] to [dim_rate], rate: 0.19422545
01-25 19:58:34.676  1272  1629 I hwcomposer: [DRMDEV] (0) failed to waitNextVsync: -1  
01-25 19:58:34.678  1272  1629 I hwcomposer: [DRMDEV] (0) failed to waitNextVsync: -1  
01-25 19:58:34.678  2075  2148 I DisplayPowerController2[0]: Brightness [0.001709819] reason changing to: 'manual [ dim ]', previous reason: 'manual'.
01-25 19:58:34.679  2075  2148 I DisplayPowerController2[0]: BrightnessEvent: disp=0, physDisp=local:0, displayState=ON, displayPolicy=DIM, brt=0.001709819, initBrt=0.064266145, rcmdBrt=NaN, preBrt=NaN, lux=0.0, preLux=0.0, hbmMax=0.49975574, hbmMode=off, rbcStrength=50, thrmMax=1.0, powerFactor=1.0, wasShortTermModelActive=false, flags=, reason=manual [ dim ], autoBrightness=false, strategy=InvalidBrightnessStrategy, autoBrightnessMode=default
01-25 19:58:34.683  1289  1289 D android.hardware.lights-service.mediatek: write 261 to /sys/class/leds/lcd-backlight/brightness, result: 0
01-25 19:58:34.686  1289  1289 D android.hardware.lights-service.mediatek: write 261 to /sys/class/mi_display/disp-DSI-0/brightness_clone, result: 0
01-25 19:58:34.688  1279  1327 I HfLooper: sensor 33171111 = 107.000000 4.000000 0.000000 0.000000 0.000000 0.000000
01-25 19:58:34.688  1704  1806 D AAL     : onBacklightChanged: 264/1023 -> 261/1023(phy:261/4095)
01-25 19:58:34.688  1704  1806 D AAL     : LABC: LABC after setTarget isSmoothBacklight=0 
01-25 19:58:34.690  1289  1289 D android.hardware.lights-service.mediatek: write 254 to /sys/class/leds/lcd-backlight/brightness, result: 0
01-25 19:58:34.691  1289  1289 D android.hardware.lights-service.mediatek: write 254 to /sys/class/mi_display/disp-DSI-0/brightness_clone, result: 0
01-25 19:58:34.694  1785  2371 I libsensor-displayalgo: the value of channelCali C:55.577660,R:3.939274,G:0.000000,B:0.000000,scales C:1.000000,R:1.000000,G:1.000000,B:1.000000
01-25 19:58:34.694  1785  2371 I libsensor-displayalgo: the value of  REAL LUX15.393061
01-25 19:58:34.694  1785  2371 D libsensor-displayalgo: brightness:264.000000,flat_mode:0.000000,R1:23632.409401,G1:20236.182071,B1:19560.979375,R2:0.000000,G2:0.000000,B2:0.000000,R3:0.000000,G3:0.000000,B3:0.000000,R4:0.000000,G4:0.000000,B4:0.000000,EVENT C:107.000000,R:4.000000,G:0.000000,B:0.000000, lux: 15.393061
01-25 19:58:34.697  1704  1806 D AAL     : onBacklightChanged: 261/1023 -> 254/1023(phy:254/4095)
01-25 19:58:34.697  1704  1806 D AAL     : LABC: LABC after setTarget isSmoothBacklight=0 
01-25 19:58:34.700  1289  1289 D android.hardware.lights-service.mediatek: write 247 to /sys/class/leds/lcd-backlight/brightness, result: 0
01-25 19:58:34.700  1289  1289 D android.hardware.lights-service.mediatek: write 247 to /sys/class/mi_display/disp-DSI-0/brightness_clone, result: 0
01-25 19:58:34.711  1289  1289 D android.hardware.lights-service.mediatek: write 239 to /sys/class/leds/lcd-backlight/brightness, result: 0
01-25 19:58:34.711  1289  1289 D android.hardware.lights-service.mediatek: write 239 to /sys/class/mi_display/disp-DSI-0/brightness_clone, result: 0
01-25 19:58:34.714  1704  1806 D AAL     : onBacklightChanged: 254/1023 -> 239/1023(phy:239/4095)
01-25 19:58:34.714  1704  1806 D AAL     : LABC: LABC after setTarget isSmoothBacklight=0 
01-25 19:58:34.719  1289  1289 D android.hardware.lights-service.mediatek: write 233 to /sys/class/leds/lcd-backlight/brightness, result: 0
01-25 19:58:34.719  1289  1289 D android.hardware.lights-service.mediatek: write 233 to /sys/class/mi_display/disp-DSI-0/brightness_clone, result: 0
01-25 19:58:34.722  1704  1806 D AAL     : onBacklightChanged: 239/1023 -> 233/1023(phy:233/4095)
01-25 19:58:34.722  1704  1806 D AAL     : LABC: LABC after setTarget isSmoothBacklight=0 
01-25 19:58:34.727  1289  1289 D android.hardware.lights-service.mediatek: write 227 to /sys/class/leds/lcd-backlight/brightness, result: 0
01-25 19:58:34.727  1289  1289 D android.hardware.lights-service.mediatek: write 227 to /sys/class/mi_display/disp-DSI-0/brightness_clone, result: 0
01-25 19:58:34.730  1704  1806 D AAL     : onBacklightChanged: 233/1023 -> 227/1023(phy:227/4095)
01-25 19:58:34.730  1704  1806 D AAL     : LABC: LABC after setTarget isSmoothBacklight=0 
01-25 19:58:34.731  1704  1806 D AAL     : 01-25 07:58:34.689 BL= 261,ESS= 256, 01-25 07:58:34.698 BL= 254,ESS= 256, 01-25 07:58:34.714 BL= 239,ESS= 256, 01-25 07:58:34.723 BL= 233,ESS= 256, 01-25 07:58:34.731 BL= 227,ESS= 256, 
01-25 19:58:34.735  1289  1289 D android.hardware.lights-service.mediatek: write 221 to /sys/class/leds/lcd-backlight/brightness, result: 0
01-25 19:58:34.735  1289  1289 D android.hardware.lights-service.mediatek: write 221 to /sys/class/mi_display/disp-DSI-0/brightness_clone, result: 0
01-25 19:58:34.739  1704  1806 D AAL     : onBacklightChanged: 227/1023 -> 221/1023(phy:221/4095)
01-25 19:58:34.739  1704  1806 D AAL     : LABC: LABC after setTarget isSmoothBacklight=0 
01-25 19:58:34.743  1289  1289 D android.hardware.lights-service.mediatek: write 216 to /sys/class/leds/lcd-backlight/brightness, result: 0
01-25 19:58:34.743  1289  1289 D android.hardware.lights-service.mediatek: write 216 to /sys/class/mi_display/disp-DSI-0/brightness_clone, result: 0
01-25 19:58:34.747  1704  1806 D AAL     : onBacklightChanged: 221/1023 -> 216/1023(phy:216/4095)
01-25 19:58:34.747  1704  1806 D AAL     : LABC: LABC after setTarget isSmoothBacklight=0 
01-25 19:58:34.752  1289  1289 D android.hardware.lights-service.mediatek: write 210 to /sys/class/leds/lcd-backlight/brightness, result: 0
01-25 19:58:34.753  1289  1289 D android.hardware.lights-service.mediatek: write 210 to /sys/class/mi_display/disp-DSI-0/brightness_clone, result: 0
01-25 19:58:34.756  1704  1806 D AAL     : onBacklightChanged: 216/1023 -> 210/1023(phy:210/4095)
01-25 19:58:34.756  1704  1806 D AAL     : LABC: LABC after setTarget isSmoothBacklight=0 
01-25 19:58:34.761  2075  6801 D AS.BtHelper: isBluetoothScoOn() mBluetoothHeadset is null: truemBluetoothHeadsetDevice is null: true
01-25 19:58:34.761  2075  6801 V AS.AudioDeviceBroker: requestedCommunicationDevice: null mAudioModeOwner: AudioModeInfo: mMode=MODE_NORMAL, mPid=0, mUid=0
01-25 19:58:34.761  1289  1289 D android.hardware.lights-service.mediatek: write 205 to /sys/class/leds/lcd-backlight/brightness, result: 0
01-25 19:58:34.761  1289  1289 D android.hardware.lights-service.mediatek: write 205 to /sys/class/mi_display/disp-DSI-0/brightness_clone, result: 0
